// Jest Snapshot v1, https://goo.gl/fbAQLP

exports[`get Data gd 1`] = `
{
  "completed": false,
  "id": 1,
  "title": "delectus aut autem",
  "userId": 1,
}
`;
